#-----------------------------------------------------------
# Vivado v2019.1 (64-bit)
# SW Build 2552052 on Fri May 24 14:49:42 MDT 2019
# IP Build 2548770 on Fri May 24 18:01:18 MDT 2019
# Start of session at: Sun Nov  1 09:54:33 2020
# Process ID: 10516
# Current directory: C:/Users/Administrator/Desktop/VHDL_projects/Codes/Electronic_System_Design/Ex_3_vivado
# Command line: vivado.exe -gui_launcher_event rodinguilauncherevent4104 C:\Users\Administrator\Desktop\VHDL_projects\Codes\Electronic_System_Design\Ex_3_vivado\Ex_3.xpr
# Log file: C:/Users/Administrator/Desktop/VHDL_projects/Codes/Electronic_System_Design/Ex_3_vivado/vivado.log
# Journal file: C:/Users/Administrator/Desktop/VHDL_projects/Codes/Electronic_System_Design/Ex_3_vivado\vivado.jou
#-----------------------------------------------------------
start_gui
open_project C:/Users/Administrator/Desktop/VHDL_projects/Codes/Electronic_System_Design/Ex_3_vivado/Ex_3.xpr
update_compile_order -fileset sources_1
close [ open C:/Users/Administrator/Desktop/VHDL_projects/Codes/Electronic_System_Design/Ex_3_vivado/Ex_3.srcs/sources_1/new/LED_TOP.vhd w ]
add_files C:/Users/Administrator/Desktop/VHDL_projects/Codes/Electronic_System_Design/Ex_3_vivado/Ex_3.srcs/sources_1/new/LED_TOP.vhd
update_compile_order -fileset sources_1
update_compile_order -fileset sources_1
update_compile_order -fileset sources_1
update_compile_order -fileset sources_1
update_compile_order -fileset sources_1
update_compile_order -fileset sources_1
update_compile_order -fileset sources_1
update_compile_order -fileset sources_1
update_compile_order -fileset sources_1
update_compile_order -fileset sources_1
launch_simulation
launch_simulation
close_project
create_project project_1 C:/Users/Administrator/Desktop/VHDL_projects/Codes/Electronic_System_Design/Ex_3 -part xc7a12ticsg325-1L
add_files -norecurse {C:/Users/Administrator/Desktop/VHDL_projects/Codes/Electronic_System_Design/Ex_3/LED_STR.vhd C:/Users/Administrator/Desktop/VHDL_projects/Codes/Electronic_System_Design/Ex_3/LED_Display.vhd C:/Users/Administrator/Desktop/VHDL_projects/Codes/Electronic_System_Design/Ex_3/LED_pack.vhd C:/Users/Administrator/Desktop/VHDL_projects/Codes/Electronic_System_Design/Ex_3/LED_TOP.vhd C:/Users/Administrator/Desktop/VHDL_projects/Codes/Electronic_System_Design/Ex_3/translator.vhd}
import_files -force -norecurse
update_compile_order -fileset sources_1
update_compile_order -fileset sources_1
set_property SOURCE_SET sources_1 [get_filesets sim_1]
import_files -fileset sim_1 -norecurse C:/Users/Administrator/Desktop/VHDL_projects/Codes/Electronic_System_Design/Ex_3/LED_tb.vhd
update_compile_order -fileset sim_1
launch_simulation
update_compile_order -fileset sim_1
launch_runs synth_1 -jobs 4
wait_on_run synth_1
